// Jest Snapshot v1, https://goo.gl/fbAQLP

exports[`AlbumScreen check snapshot should match snapshot 1`] = `ShallowWrapper {}`;
