// Jest Snapshot v1, https://goo.gl/fbAQLP

exports[`HomeScreen check snapshot should match snapshot 1`] = `ShallowWrapper {}`;
