// Jest Snapshot v1, https://goo.gl/fbAQLP

exports[`LinearGradient check snapshot should match snapshot 1`] = `ShallowWrapper {}`;
