// Jest Snapshot v1, https://goo.gl/fbAQLP

exports[`CustomTabBar check snapshot should match snapshot 1`] = `ShallowWrapper {}`;
